This file contains any messages produced by compilers while
running configure, to aid debugging if configure makes a mistake.

It was created by configure, which was
generated by GNU Autoconf 2.73.  Invocation command line was

  $ ./configure --enable-fss CPPFLAGS=-I/srv/http/fractal_substring/include 'LDFLAGS=-L/srv/http/fractal_substring -Wl,-rpath,/srv/http/fractal_substring'

## --------- ##
## Platform. ##
## --------- ##

hostname = lulu
uname -m = x86_64
uname -r = 6.12.96-1-MANJARO
uname -s = Linux
uname -v = #1 SMP PREEMPT_DYNAMIC Sat, 18 Jul 2026 20:22:19 +0000

/usr/bin/uname -p = unknown
/bin/uname -X     = unknown

/bin/arch              = unknown
/usr/bin/arch -k       = unknown
/usr/convex/getsysinfo = unknown
/usr/bin/hostinfo      = unknown
/bin/machine           = unknown
/usr/bin/oslevel       = unknown
/bin/universe          = unknown

PATH: /home/lulu/.local/bin/
PATH: /usr/share/cursor/resources/app/node_modules/@vscode/ripgrep/bin/
PATH: /home/lulu/.local/bin/
PATH: /usr/local/bin/
PATH: /usr/bin/
PATH: /bin/
PATH: /usr/local/sbin/
PATH: /opt/cuda/bin/
PATH: /usr/lib/jvm/default/bin/
PATH: /usr/bin/site_perl/
PATH: /usr/bin/vendor_perl/
PATH: /usr/bin/core_perl/
PATH: /var/lib/snapd/snap/bin/


## ----------- ##
## Core tests. ##
## ----------- ##

configure:2602: looking for aux files: config.guess config.sub
configure:2615:  trying ./build/
configure:2644:   ./build/config.guess found
configure:2644:   ./build/config.sub found
configure:2785: checking for grep that handles long lines and -e
configure:2851: result: /usr/bin/grep
configure:2856: checking for egrep
configure:2926: result: /usr/bin/grep -E
configure:2933: checking for a sed that does not truncate output
configure:3005: result: /usr/bin/sed
configure:3082: checking build system type
configure:3098: result: x86_64-pc-linux-gnu
configure:3118: checking host system type
configure:3133: result: x86_64-pc-linux-gnu
configure:3153: checking target system type
configure:3168: result: x86_64-pc-linux-gnu
configure:3220: checking for gawk
configure:3242: found /usr/bin/gawk
configure:3254: result: gawk
configure:3362: checking for pkg-config
configure:3385: found /usr/bin/pkg-config
configure:3398: result: /usr/bin/pkg-config
configure:3423: checking pkg-config is at least version 0.9.0
configure:3426: result: yes
configure:3506: checking for cc
configure:3527: found /usr/bin/cc
configure:3539: result: cc
configure:3570: checking for C compiler version
configure:3579: cc --version >&5
cc (GCC) 16.1.1 20260625
Copyright (C) 2026 Free Software Foundation, Inc.
This is free software; see the source for copying conditions.  There is NO
warranty; not even for MERCHANTABILITY or FITNESS FOR A PARTICULAR PURPOSE.

configure:3590: $? = 0
configure:3579: cc -v >&5
Using built-in specs.
COLLECT_GCC=cc
COLLECT_LTO_WRAPPER=/usr/lib/gcc/x86_64-pc-linux-gnu/16/lto-wrapper
Target: x86_64-pc-linux-gnu
Configured with: ../gcc/configure --enable-languages=ada,c,c++,d,fortran,go,lto,m2,objc,obj-c++,rust,cobol --enable-bootstrap --prefix=/usr --libdir=/usr/lib --libexecdir=/usr/lib --mandir=/usr/share/man --infodir=/usr/share/info --with-bugurl=https://gitlab.archlinux.org/archlinux/packaging/packages/gcc/-/issues --with-build-config=bootstrap-lto --with-gcc-major-version-only --with-linker-hash-style=gnu --with-system-zlib --enable-cet=auto --enable-checking=release --enable-clocale=gnu --enable-default-pie --enable-default-ssp --enable-gnu-indirect-function --enable-gnu-unique-object --enable-libstdcxx-backtrace --enable-link-serialization=1 --enable-linker-build-id --enable-lto --enable-multilib --enable-plugin --enable-shared --enable-threads=posix --disable-fixincludes --disable-libssp --disable-libstdcxx-pch --disable-werror
Thread model: posix
Supported LTO compression algorithms: zlib zstd
gcc version 16.1.1 20260625 (GCC) 
configure:3590: $? = 0
configure:3579: cc -V >&5
cc: error: unrecognized command-line option '-V'
cc: fatal error: no input files
compilation terminated.
configure:3590: $? = 1
configure:3579: cc -qversion >&5
cc: error: unrecognized command-line option '-qversion'; did you mean '--version'?
cc: fatal error: no input files
compilation terminated.
configure:3590: $? = 1
configure:3579: cc -version >&5
cc: error: unrecognized command-line option '-version'
cc: fatal error: no input files
compilation terminated.
configure:3590: $? = 1
configure:3610: checking whether the C compiler works
configure:3632: cc  -I/srv/http/fractal_substring/include -L/srv/http/fractal_substring -Wl,-rpath,/srv/http/fractal_substring conftest.c  >&5
configure:3636: $? = 0
configure:3687: result: yes
configure:3691: checking for C compiler default output file name
configure:3693: result: a.out
configure:3699: checking for suffix of executables
configure:3706: cc -o conftest  -I/srv/http/fractal_substring/include -L/srv/http/fractal_substring -Wl,-rpath,/srv/http/fractal_substring conftest.c  >&5
configure:3710: $? = 0
configure:3734: result: 
configure:3758: checking whether we are cross compiling
configure:3766: cc -o conftest  -I/srv/http/fractal_substring/include -L/srv/http/fractal_substring -Wl,-rpath,/srv/http/fractal_substring conftest.c  >&5
configure:3770: $? = 0
configure:3777: ./conftest
configure:3781: $? = 0
configure:3796: result: no
configure:3802: checking for suffix of object files
configure:3825: cc -c  -I/srv/http/fractal_substring/include conftest.c >&5
configure:3829: $? = 0
configure:3853: result: o
configure:3857: checking whether the compiler supports GNU C
configure:3877: cc -c  -I/srv/http/fractal_substring/include conftest.c >&5
configure:3877: $? = 0
configure:3889: result: yes
configure:3900: checking whether cc accepts -g
configure:3921: cc -c -g -I/srv/http/fractal_substring/include conftest.c >&5
configure:3921: $? = 0
configure:3968: result: yes
configure:3988: checking for cc option to enable C23 features
configure:4003: cc  -c -g -O2 -I/srv/http/fractal_substring/include conftest.c >&5
configure:4003: $? = 0
configure:4022: result: none needed
configure:4195: checking how to run the C preprocessor
configure:4221: cc -E -I/srv/http/fractal_substring/include conftest.c
configure:4221: $? = 0
configure:4237: cc -E -I/srv/http/fractal_substring/include conftest.c
conftest.c:9:10: fatal error: ac_nonexistent.h: No such file or directory
    9 | #include <ac_nonexistent.h>
      |          ^~~~~~~~~~~~~~~~~~
compilation terminated.
configure:4237: $? = 1
configure: failed program was:
| /* confdefs.h */
| #define PACKAGE_NAME ""
| #define PACKAGE_TARNAME ""
| #define PACKAGE_VERSION ""
| #define PACKAGE_STRING ""
| #define PACKAGE_BUGREPORT ""
| #define PACKAGE_URL ""
| /* end confdefs.h.  */
| #include <ac_nonexistent.h>
configure:4266: result: cc -E
configure:4280: cc -E -I/srv/http/fractal_substring/include conftest.c
configure:4280: $? = 0
configure:4296: cc -E -I/srv/http/fractal_substring/include conftest.c
conftest.c:9:10: fatal error: ac_nonexistent.h: No such file or directory
    9 | #include <ac_nonexistent.h>
      |          ^~~~~~~~~~~~~~~~~~
compilation terminated.
configure:4296: $? = 1
configure: failed program was:
| /* confdefs.h */
| #define PACKAGE_NAME ""
| #define PACKAGE_TARNAME ""
| #define PACKAGE_VERSION ""
| #define PACKAGE_STRING ""
| #define PACKAGE_BUGREPORT ""
| #define PACKAGE_URL ""
| /* end confdefs.h.  */
| #include <ac_nonexistent.h>
configure:4329: checking for egrep -e
configure:4459: result: /usr/bin/grep -E
configure:4465: checking for icc
configure:4475: result: no
configure:4490: checking for suncc
configure:4500: result: no
configure:4519: checking for system library directory
configure:4536: result: lib
configure:4543: checking if compiler supports -Wl,-rpath,
configure:4563: cc -o conftest -g -O2 -I/srv/http/fractal_substring/include -L/srv/http/fractal_substring -Wl,-rpath,/srv/http/fractal_substring conftest.c -Wl,-rpath,/usr/lib  >&5
configure:4563: $? = 0
configure:4576: result: yes
configure:4700: checking for PHP prefix
configure:4702: result: /usr
configure:4704: checking for PHP includes
configure:4706: result: -I/usr/include/php -I/usr/include/php/main -I/usr/include/php/TSRM -I/usr/include/php/Zend -I/usr/include/php/ext -I/usr/include/php/ext/date/lib
configure:4708: checking for PHP extension directory
configure:4710: result: /usr/lib/php/modules
configure:4712: checking for PHP installed headers prefix
configure:4714: result: /usr/include/php
configure:4717: checking if debugging is enabled
configure:4741: result: no
configure:4744: checking if PHP is built with thread safety (ZTS)
configure:4768: result: no
configure:4845: result: 
configure:4847: result: Configuring extension
configure:4854: checking whether to enable fractal substring support
configure:4895: result: yes, shared
configure:5310: result: 
configure:5312: result: Configuring libtool
configure:5400: checking for a sed that does not truncate output
configure:5456: result: /usr/bin/sed
configure:5472: checking for ld used by cc
configure:5541: result: /usr/bin/ld
configure:5548: checking if the linker (/usr/bin/ld) is GNU ld
configure:5565: result: yes
configure:5570: checking for /usr/bin/ld option to reload object files
configure:5579: result: -r
configure:5597: checking for BSD-compatible nm
configure:5648: result: /usr/bin/nm -B
configure:5652: checking whether ln -s works
configure:5656: result: yes
configure:5663: checking how to recognize dependent libraries
configure:5851: result: pass_all
configure:5936: cc -c -g -O2 -I/srv/http/fractal_substring/include conftest.c >&5
configure:5939: $? = 0
configure:6076: checking for stdio.h
configure:6076: cc -c -g -O2 -I/srv/http/fractal_substring/include conftest.c >&5
configure:6076: $? = 0
configure:6076: result: yes
configure:6076: checking for stdlib.h
configure:6076: cc -c -g -O2 -I/srv/http/fractal_substring/include conftest.c >&5
configure:6076: $? = 0
configure:6076: result: yes
configure:6076: checking for string.h
configure:6076: cc -c -g -O2 -I/srv/http/fractal_substring/include conftest.c >&5
configure:6076: $? = 0
configure:6076: result: yes
configure:6076: checking for inttypes.h
configure:6076: cc -c -g -O2 -I/srv/http/fractal_substring/include conftest.c >&5
configure:6076: $? = 0
configure:6076: result: yes
configure:6076: checking for stdint.h
configure:6076: cc -c -g -O2 -I/srv/http/fractal_substring/include conftest.c >&5
configure:6076: $? = 0
configure:6076: result: yes
configure:6076: checking for strings.h
configure:6076: cc -c -g -O2 -I/srv/http/fractal_substring/include conftest.c >&5
configure:6076: $? = 0
configure:6076: result: yes
configure:6076: checking for sys/stat.h
configure:6076: cc -c -g -O2 -I/srv/http/fractal_substring/include conftest.c >&5
configure:6076: $? = 0
configure:6076: result: yes
configure:6076: checking for sys/types.h
configure:6076: cc -c -g -O2 -I/srv/http/fractal_substring/include conftest.c >&5
configure:6076: $? = 0
configure:6076: result: yes
configure:6076: checking for unistd.h
configure:6076: cc -c -g -O2 -I/srv/http/fractal_substring/include conftest.c >&5
configure:6076: $? = 0
configure:6076: result: yes
configure:6101: checking for dlfcn.h
configure:6101: cc -c -g -O2 -I/srv/http/fractal_substring/include conftest.c >&5
configure:6101: $? = 0
configure:6101: result: yes
configure:6120: checking the maximum length of command line arguments
configure:6234: result: 1572864
configure:6246: checking command to parse /usr/bin/nm -B output from cc object
configure:6352: cc -c -g -O2 -I/srv/http/fractal_substring/include conftest.c >&5
configure:6355: $? = 0
configure:6359: /usr/bin/nm -B conftest.o \| sed -n -e 's/^.*[ 	]\([ABCDGIRSTW][ABCDGIRSTW]*\)[ 	][ 	]*\([_A-Za-z][_A-Za-z0-9]*\)$/\1 \2 \2/p' \> conftest.nm
configure:6362: $? = 0
configure:6414: cc -o conftest -g -O2 -I/srv/http/fractal_substring/include -L/srv/http/fractal_substring -Wl,-rpath,/srv/http/fractal_substring conftest.c conftstm.o >&5
configure:6417: $? = 0
configure:6456: result: ok
configure:6460: checking for objdir
configure:6477: result: .libs
configure:6575: checking for ar
configure:6596: found /usr/bin/ar
configure:6608: result: ar
configure:6679: checking for ranlib
configure:6700: found /usr/bin/ranlib
configure:6712: result: ranlib
configure:6783: checking for strip
configure:6804: found /usr/bin/strip
configure:6816: result: strip
configure:7419: checking if cc supports -fno-rtti -fno-exceptions
configure:7438: cc -c -g -O2 -I/srv/http/fractal_substring/include -fno-rtti -fno-exceptions conftest.c >&5
cc1: warning: command-line option '-fno-rtti' is valid for C++/D/ObjC++ but not for C
configure:7442: $? = 0
configure:7456: result: no
configure:7471: checking for cc option to produce PIC
configure:7711: result: -fPIC
configure:7719: checking if cc PIC flag -fPIC works
configure:7738: cc -c -g -O2 -I/srv/http/fractal_substring/include -fPIC -DPIC conftest.c >&5
configure:7742: $? = 0
configure:7756: result: yes
configure:7784: checking if cc static flag -static works
configure:7814: result: yes
configure:7824: checking if cc supports -c -o file.o
configure:7846: cc -c -g -O2 -I/srv/http/fractal_substring/include -o out/conftest2.o conftest.c >&5
configure:7850: $? = 0
configure:7873: result: yes
configure:7899: checking whether the cc linker (/usr/bin/ld -m elf_x86_64) supports shared libraries
configure:8827: result: yes
configure:8848: checking whether -lc should be explicitly linked in
configure:8853: cc -c -g -O2 -I/srv/http/fractal_substring/include conftest.c >&5
configure:8856: $? = 0
configure:8871: cc -shared conftest.o  -v -Wl,-soname -Wl,conftest -o conftest 2\>\&1 \| grep  -lc  \>/dev/null 2\>\&1
configure:8874: $? = 0
configure:8886: result: no
configure:8894: checking dynamic linker characteristics
configure:9503: result: GNU/Linux ld.so
configure:9531: checking how to hardcode library paths into programs
configure:9556: result: immediate
configure:9570: checking whether stripping libraries is possible
configure:9575: result: yes
configure:10138: checking if libtool supports shared libraries
configure:10140: result: yes
configure:10143: checking whether to build shared libraries
configure:10164: result: yes
configure:10167: checking whether to build static libraries
configure:10171: result: no
configure:10265: result:
creating libtool
configure:13909: result: 
configure:13911: result: Generating files
configure:13999: creating build directories
configure:14004: creating Makefile
configure:14020: patching config.h.in
configure:14039: creating ./config.status

## ---------------------- ##
## Running config.status. ##
## ---------------------- ##

This file was extended by config.status, which was
generated by GNU Autoconf 2.73.  Invocation command line was

  CONFIG_FILES    = 
  CONFIG_HEADERS  = 
  CONFIG_LINKS    = 
  CONFIG_COMMANDS = 
  $ ./config.status 

on lulu

config.status:657: creating config.h
config.status:747: config.h is unchanged

## ---------------- ##
## Cache variables. ##
## ---------------- ##

ac_cv_build=x86_64-pc-linux-gnu
ac_cv_c_compiler_gnu=yes
ac_cv_env_CC_set=
ac_cv_env_CC_value=
ac_cv_env_CFLAGS_set=
ac_cv_env_CFLAGS_value=
ac_cv_env_CPPFLAGS_set=set
ac_cv_env_CPPFLAGS_value=-I/srv/http/fractal_substring/include
ac_cv_env_CPP_set=
ac_cv_env_CPP_value=
ac_cv_env_LDFLAGS_set=set
ac_cv_env_LDFLAGS_value='-L/srv/http/fractal_substring -Wl,-rpath,/srv/http/fractal_substring'
ac_cv_env_LIBS_set=
ac_cv_env_LIBS_value=
ac_cv_env_PKG_CONFIG_LIBDIR_set=
ac_cv_env_PKG_CONFIG_LIBDIR_value=
ac_cv_env_PKG_CONFIG_PATH_set=
ac_cv_env_PKG_CONFIG_PATH_value=
ac_cv_env_PKG_CONFIG_set=
ac_cv_env_PKG_CONFIG_value=
ac_cv_env_build_alias_set=
ac_cv_env_build_alias_value=
ac_cv_env_host_alias_set=
ac_cv_env_host_alias_value=
ac_cv_env_target_alias_set=
ac_cv_env_target_alias_value=
ac_cv_header_dlfcn_h=yes
ac_cv_header_inttypes_h=yes
ac_cv_header_stdint_h=yes
ac_cv_header_stdio_h=yes
ac_cv_header_stdlib_h=yes
ac_cv_header_string_h=yes
ac_cv_header_strings_h=yes
ac_cv_header_sys_stat_h=yes
ac_cv_header_sys_types_h=yes
ac_cv_header_unistd_h=yes
ac_cv_host=x86_64-pc-linux-gnu
ac_cv_objext=o
ac_cv_path_EGREP='/usr/bin/grep -E'
ac_cv_path_EGREP_TRADITIONAL='/usr/bin/grep -E'
ac_cv_path_GREP=/usr/bin/grep
ac_cv_path_SED=/usr/bin/sed
ac_cv_path_ac_pt_PKG_CONFIG=/usr/bin/pkg-config
ac_cv_prog_AWK=gawk
ac_cv_prog_CPP='cc -E'
ac_cv_prog_ac_ct_AR=ar
ac_cv_prog_ac_ct_CC=cc
ac_cv_prog_ac_ct_RANLIB=ranlib
ac_cv_prog_ac_ct_STRIP=strip
ac_cv_prog_cc_c23=
ac_cv_prog_cc_g=yes
ac_cv_prog_cc_stdc=
ac_cv_target=x86_64-pc-linux-gnu
lt_cv_deplibs_check_method=pass_all
lt_cv_file_magic_cmd='$MAGIC_CMD'
lt_cv_file_magic_test_file=
lt_cv_ld_reload_flag=-r
lt_cv_objdir=.libs
lt_cv_path_LD=/usr/bin/ld
lt_cv_path_NM='/usr/bin/nm -B'
lt_cv_path_SED=/usr/bin/sed
lt_cv_prog_compiler_c_o=yes
lt_cv_prog_compiler_pic_works=yes
lt_cv_prog_compiler_rtti_exceptions=no
lt_cv_prog_compiler_static_works=yes
lt_cv_prog_gnu_ld=yes
lt_cv_sys_global_symbol_pipe='sed -n -e '\''s/^.*[ 	]\([ABCDGIRSTW][ABCDGIRSTW]*\)[ 	][ 	]*\([_A-Za-z][_A-Za-z0-9]*\)$/\1 \2 \2/p'\'''
lt_cv_sys_global_symbol_to_c_name_address='sed -n -e '\''s/^: \([^ ]*\) $/  {\"\1\", (lt_ptr) 0},/p'\'' -e '\''s/^[BCDEGRST] \([^ ]*\) \([^ ]*\)$/  {"\2", (lt_ptr) \&\2},/p'\'''
lt_cv_sys_global_symbol_to_cdecl='sed -n -e '\''s/^. .* \(.*\)$/extern int \1;/p'\'''
lt_cv_sys_lib_dlsearch_path_spec='/lib /usr/lib /opt/cuda/lib64 /opt/cuda/nvvm/lib64 /usr/lib32 /usr/lib/libfakeroot '
lt_cv_sys_lib_search_path_spec='/usr/lib/gcc/x86_64-pc-linux-gnu/16 /usr/lib /lib'
lt_cv_sys_max_cmd_len=1572864
lt_lt_cv_prog_compiler_c_o='"yes"'
lt_lt_cv_sys_global_symbol_pipe='"sed -n -e '\''s/^.*[ 	]\\([ABCDGIRSTW][ABCDGIRSTW]*\\)[ 	][ 	]*\\([_A-Za-z][_A-Za-z0-9]*\\)\$/\\1 \\2 \\2/p'\''"'
lt_lt_cv_sys_global_symbol_to_c_name_address='"sed -n -e '\''s/^: \\([^ ]*\\) \$/  {\\\"\\1\\\", (lt_ptr) 0},/p'\'' -e '\''s/^[BCDEGRST] \\([^ ]*\\) \\([^ ]*\\)\$/  {\"\\2\", (lt_ptr) \\&\\2},/p'\''"'
lt_lt_cv_sys_global_symbol_to_cdecl='"sed -n -e '\''s/^. .* \\(.*\\)\$/extern int \\1;/p'\''"'
php_cv_cc_rpath=yes

## ----------------- ##
## Output variables. ##
## ----------------- ##

AR='ar'
AWK='gawk'
BUILD_CC='cc'
CC='cc'
CFLAGS='-g -O2'
CONFIGURE_COMMAND=' '\''./configure'\''  '\''--enable-fss'\'''
CONFIGURE_OPTIONS=' '\''--enable-fss'\'''
CPP='cc -E'
CPPFLAGS='-I/srv/http/fractal_substring/include -DHAVE_CONFIG_H'
DEFS='-DHAVE_CONFIG_H'
DSYMUTIL=''
ECHO='echo'
ECHO_C=''
ECHO_N='-n'
ECHO_T=''
EGREP='/usr/bin/grep -E'
EXEEXT=''
GREP='/usr/bin/grep'
LDFLAGS='-L/srv/http/fractal_substring -Wl,-rpath,/srv/http/fractal_substring'
LIBOBJS=''
LIBS=''
LIBTOOL='$(SHELL) $(top_builddir)/libtool'
LN_S='ln -s'
LTLIBOBJS=''
NMEDIT=''
OBJEXT='o'
PACKAGE_BUGREPORT=''
PACKAGE_NAME=''
PACKAGE_STRING=''
PACKAGE_TARNAME=''
PACKAGE_URL=''
PACKAGE_VERSION=''
PATH_SEPARATOR=':'
PKG_CONFIG='/usr/bin/pkg-config'
PKG_CONFIG_LIBDIR=''
PKG_CONFIG_PATH=''
RANLIB='ranlib'
SED='/usr/bin/sed'
SHELL='/bin/sh'
SHLIB_DL_SUFFIX_NAME='so'
SHLIB_SUFFIX_NAME='so'
STRIP='strip'
ac_ct_CC='cc'
bindir='${exec_prefix}/bin'
build='x86_64-pc-linux-gnu'
build_alias=''
build_cpu='x86_64'
build_os='linux-gnu'
build_vendor='pc'
datadir='${datarootdir}'
datarootdir='${prefix}/share'
docdir='${datarootdir}/doc/${PACKAGE}'
dvidir='${docdir}'
exec_prefix='$(prefix)'
host='x86_64-pc-linux-gnu'
host_alias='x86_64-pc-linux-gnu'
host_cpu='x86_64'
host_os='linux-gnu'
host_vendor='pc'
htmldir='${docdir}'
includedir='${prefix}/include'
infodir='${datarootdir}/info'
libdir='${exec_prefix}/lib'
libexecdir='${exec_prefix}/libexec'
localedir='${datarootdir}/locale'
localstatedir='${prefix}/var'
mandir='${datarootdir}/man'
oldincludedir='/usr/include'
pdfdir='${docdir}'
prefix='/usr'
program_transform_name='s,x,x,'
psdir='${docdir}'
runstatedir='${localstatedir}/run'
sbindir='${exec_prefix}/sbin'
sharedstatedir='${prefix}/com'
sysconfdir='${prefix}/etc'
target='x86_64-pc-linux-gnu'
target_alias=''
target_cpu='x86_64'
target_os='linux-gnu'
target_vendor='pc'

## ----------- ##
## confdefs.h. ##
## ----------- ##

/* confdefs.h */
#define PACKAGE_NAME ""
#define PACKAGE_TARNAME ""
#define PACKAGE_VERSION ""
#define PACKAGE_STRING ""
#define PACKAGE_BUGREPORT ""
#define PACKAGE_URL ""
#define COMPILE_DL_FSS 1
#define HAVE_STDIO_H 1
#define HAVE_STDLIB_H 1
#define HAVE_STRING_H 1
#define HAVE_INTTYPES_H 1
#define HAVE_STDINT_H 1
#define HAVE_STRINGS_H 1
#define HAVE_SYS_STAT_H 1
#define HAVE_SYS_TYPES_H 1
#define HAVE_UNISTD_H 1
#define STDC_HEADERS 1
#define HAVE_DLFCN_H 1

configure: exit 
